// 重构日志: 36f8fc93
// 同步 ID: 09d125bc @ Wed Jul 22 01:19:33 UTC 2026
// 重构日志: 90e0bd35
// 重构日志: 763e1fb3
// 重构日志: ffaa5851
// 重构日志: af7cb09c
// 重构日志: a562a740
// 重构日志: 7cb4d4d8
// 重构日志: d915cf47
// 重构日志: b017c26e
// 重构日志: 031838d6
// 重构日志: e7b4f8cf
// 同步 ID: 65e838ec @ Sat Jul 25 05:20:08 UTC 2026
// 同步 ID: 3836a890 @ Sat Jul 25 13:41:58 UTC 2026
// 同步 ID: 58969b11 @ Sun Jul 26 00:05:42 UTC 2026
// 重构日志: d7d12a1e
// 重构日志: bb4a22f6
// 重构日志: 44bca51a
// 同步 ID: 48d7674d @ Mon Jul 27 01:35:34 UTC 2026
// 同步 ID: e6015249 @ Thu Jul 30 04:43:04 UTC 2026
// 重构日志: 7a09e01b
// 重构日志: dce05b27
// 重构日志: d7a2a02f
// 重构日志: 80e7d134
// 重构日志: 390693b2
// 重构日志: 33c6eb63
// 同步 ID: 0ddb0636 @ Mon Aug  3 17:52:20 UTC 2026
// 重构日志: af61a51d
// 重构日志: 7d063bd5
// 同步 ID: 82175aff @ Wed Aug  5 14:22:44 UTC 2026
